;AS.C V0.06 4.1.2015, Source: TE.S, Output: TE.LST, TE.COM

0000                org 256;com
0100 90             nop
0101 08 00          VA dw 8
0103 41 06          VB db "A",6
0105 FE C9          L1: dec byte cl ;com
0107 49             dec word cx
0108 FE 07          inc byte [bx]
010A FE 0F          dec byte [bx]
010C FE 4F 03       dec byte [bx+3]
010F FE 4F FC       dec byte [bx-4]
0112 F6 D1          not cl
0114 FE C9          dec cl             ;FE C9
0116 66 49          dec ecx            ;66 49 
0118 FE 0F          dec byte [bx]      ;FE 0F
011A FE 4F 03       dec byte [bx+3]    ;FE 4F 03
011D FE 4F FC       dec byte [bx-4]    ;FE 4F FC
0120                ;dec word [cx];invalid effective address 
0120                ;inc word  VA ;invalid comb opcode+operands
0120 FE 80 01 01    inc byte [VA]      ;FE 06 [300F]
0124 FF 80 03 01    inc word [VB]      ;FF 06 [300F]
;***** next line ERROR: no op size declared, Symbol: VB
0128 FE 80 03 01    inc      [VB]      ;FE 06 [0101]
012C FE 06          inc byte [bp]      ;FE 46 00  special case
012E FE 46 04       inc byte [bp+4]    ;FE 46 04
0131 FE 86 02 01    inc byte [bp+258]  ;FE 86 02 01
0135 FE 46 FC       inc byte [bp-4]    ;FE 46 FC
0138                
;END Errors: 1 ***ERROR*** , Label & Var: VA 0101,  VB 0103,  L1 0105,  
;COM file 56 bytes: 90 08 00 41 06 FE C9 49 FE 07 FE 0F FE 4F 03 FE 4F FC F6 D1 FE C9 66 49 FE 0F FE 4F 03 FE 4F FC FE 80 01 01 FF 80 03 01 FE 80 03 01 FE 06 FE 46 04 FE 86 02 01 FE 46 FC